// Jest Snapshot v1, https://goo.gl/fbAQLP

exports[`Connected Redux <ResetPasswordFormComponent component> renders ResetPasswordFormComponent Component 1`] = `
<form
  className=""
  noValidate={true}
  onSubmit={[Function]}
>
  <div
    className="form-group"
  >
    <input
      className="form-control"
      id="formValidateUserEmail"
      onChange={[Function]}
      placeholder="Enter email"
      required={true}
      type="email"
    />
    <svg
      fill="none"
      height="1em"
      stroke="currentColor"
      strokeLinecap="round"
      strokeLinejoin="round"
      strokeWidth="2"
      style={
        Object {
          "color": undefined,
        }
      }
      viewBox="0 0 24 24"
      width="1em"
      xmlns="http://www.w3.org/2000/svg"
    >
      <path
        d="M20 21v-2a4 4 0 0 0-4-4H8a4 4 0 0 0-4 4v2"
      />
      <circle
        cx="12"
        cy="7"
        r="4"
      />
    </svg>
    <div
      className="invalid-feedback"
    >
      Please provide a valid email address.
    </div>
  </div>
  <button
    className="btn btn-outline-primary btn-block btn-lg"
    disabled={false}
    type="submit"
  >
    RESET
  </button>
</form>
`;
