// Jest Snapshot v1, https://goo.gl/fbAQLP

exports[`Connected Redux <SearchBarComponent component> renders SearchBarComponent Component 1`] = `
<form
  className=""
  noValidate={true}
>
  <input
    className="form-control"
    onChange={[Function]}
    placeholder="Search here.."
    required={true}
    type="email"
  />
  <svg
    fill="none"
    height="1em"
    stroke="currentColor"
    strokeLinecap="round"
    strokeLinejoin="round"
    strokeWidth="2"
    style={
      Object {
        "color": undefined,
      }
    }
    viewBox="0 0 24 24"
    width="1em"
    xmlns="http://www.w3.org/2000/svg"
  >
    <circle
      cx="11"
      cy="11"
      r="8"
    />
    <line
      x1="21"
      x2="16.65"
      y1="21"
      y2="16.65"
    />
  </svg>
</form>
`;
